// Jest Snapshot v1, https://goo.gl/fbAQLP

exports[`query movie detail 1`] = `
Object {
  "data": Object {
    "movie": Object {
      "id": "603",
      "overview": "Set in the 22nd century, The Matrix tells the story of a computer hacker who joins a group of underground insurgents fighting the vast and powerful computers who now rule the earth.",
      "releaseDate": "1999-03-30",
      "title": "The Matrix",
    },
  },
  "errors": undefined,
  "extensions": undefined,
  "http": Object {
    "headers": Headers {
      Symbol(map): Object {},
    },
  },
}
`;
